// Jest Snapshot v1, https://goo.gl/fbAQLP

exports[`Pruebas en GiftItem debe de hacer match con el snapshot 1`] = `
<div>
  <div
    class="card"
  >
    <h1>
      Hola Mundo
    </h1>
    <img
      alt="Hola Mundo"
      src="https://localhost/algo.jpg"
    />
  </div>
</div>
`;
